7
12
https://github.com/lotteharper/lotteharper.git
6s/GIT_REPO.*/GIT_REPO="https:\/\/github.com\/lotteharper\/lotteharper.git"/g
https://gitlab.com/charlotte-harper/lotteh2026-05-22.git
3s/GIT_REPO.*/GIT_REPO="https:\/\/gitlab.com\/charlotte-harper\/lotteh2026-05-22.git"/g
setuptools==58.2.0
twilio
autocorrect
paramiko
ccxt
numpy
urllib3
webauthn
Reinitialized existing Git repository in /home/team/lotteh/.git/
[main 7825aa8] open source
 11 files changed, 747 insertions(+), 722 deletions(-)
 create mode 100644 media/audio/fingerprints/58781705-1567-4ca4-9937-083af1a7160e.npy
sending incremental file list
./
.gitignore
